// Jest Snapshot v1, https://goo.gl/fbAQLP

exports[`FormInput component should render 1`] = `ShallowWrapper {}`;
